// Jest Snapshot v1, https://goo.gl/fbAQLP

exports[`<Login /> with no props should match the snapshot 1`] = `"<div class=\\"auth-inner\\"><form><div><center><h3>Welcome to Team AAAA&#x27;s webapp</h3><p>Please Signup with your credentials</p></center><hr/></div><br/><div class=\\"alert alert-warning display-linebreak\\" style=\\"display:none\\"><div class=\\"display-linebreak\\" style=\\"white-space:pre-line\\"></div></div><div class=\\"form-group\\"><label>Username*</label><input type=\\"text\\" class=\\"form-control\\" placeholder=\\"Enter username\\"/></div><div class=\\"form-group\\"><label>Password*</label><input type=\\"password\\" class=\\"form-control\\" placeholder=\\"Enter password\\"/></div><button type=\\"submit\\" class=\\"btn btn-primary btn-block\\">Login</button><p class=\\"forgot-password text-right\\">New User? <a href=\\"/signup\\">Signup</a></p></form></div>"`;
